2026-05-14 15:28:23,100 [INFO] MLflow tracking URI : file:./mlruns
2026-05-14 15:28:23,100 [INFO] MLflow experiment   : gempawas-aftershock-prediction
2026-05-14 15:28:23,626 [INFO] Loaded features: 2044 rows, 14 cols
2026-05-14 15:28:23,628 [INFO] TIME-BASED split: train=1533 (sampai 2025-12-07 04:55:53+00:00), test=511 (mulai 2025-12-09 07:02:53+00:00)
2026-05-14 15:28:23,630 [INFO] Class distribution train: {0: 1294, 1: 239}
2026-05-14 15:28:23,630 [INFO] Class distribution test : {0: 431, 1: 80}
2026-05-14 15:28:23,630 [INFO] 
============================================================
2026-05-14 15:28:23,630 [INFO] RUN: run1_shallow_n50_d3_lr0.1
2026-05-14 15:28:23,630 [INFO] ============================================================
2026-05-14 15:28:23,631 [INFO] Auto scale_pos_weight = 5.41 (neg/pos = 1294/239)
2026-05-14 15:28:38,025 [INFO] 
--- Hasil Run: run1_shallow_n50_d3_lr0.1 ---
2026-05-14 15:28:38,025 [INFO]   accuracy     : 0.7104
2026-05-14 15:28:38,025 [INFO]   f1_score     : 0.3729
2026-05-14 15:28:38,025 [INFO]   precision    : 0.2821
2026-05-14 15:28:38,026 [INFO]   recall       : 0.5500
2026-05-14 15:28:38,026 [INFO]   roc_auc      : 0.6936
2026-05-14 15:28:38,026 [INFO]   pr_auc       : 0.4841
2026-05-14 15:28:38,026 [INFO]   Top features:
2026-05-14 15:28:38,026 [INFO]     1. max_mag_susulan_24jam     0.2622
2026-05-14 15:28:38,026 [INFO]     2. max_mag_susulan_6jam      0.1580
2026-05-14 15:28:38,026 [INFO]     3. count_susulan_24jam       0.1526
2026-05-14 15:28:38,027 [INFO]   MLflow Run ID: d48ad3f2ae4540ca94c56ba252d70689
2026-05-14 15:28:38,028 [INFO] 
============================================================
2026-05-14 15:28:38,028 [INFO] RUN: run2_medium_n100_d5_lr0.1
2026-05-14 15:28:38,028 [INFO] ============================================================
2026-05-14 15:28:38,029 [INFO] Auto scale_pos_weight = 5.41 (neg/pos = 1294/239)
2026-05-14 15:28:42,053 [INFO] 
--- Hasil Run: run2_medium_n100_d5_lr0.1 ---
2026-05-14 15:28:42,054 [INFO]   accuracy     : 0.6986
2026-05-14 15:28:42,054 [INFO]   f1_score     : 0.3304
2026-05-14 15:28:42,054 [INFO]   precision    : 0.2533
2026-05-14 15:28:42,054 [INFO]   recall       : 0.4750
2026-05-14 15:28:42,055 [INFO]   roc_auc      : 0.6281
2026-05-14 15:28:42,055 [INFO]   pr_auc       : 0.3617
2026-05-14 15:28:42,055 [INFO]   Top features:
2026-05-14 15:28:42,055 [INFO]     1. max_mag_susulan_24jam     0.2106
2026-05-14 15:28:42,055 [INFO]     2. count_susulan_24jam       0.1709
2026-05-14 15:28:42,056 [INFO]     3. zona_sesar                0.1379
2026-05-14 15:28:42,056 [INFO]   MLflow Run ID: 58b9562636de4d70a5876c3a8fe74944
2026-05-14 15:28:42,058 [INFO] 
============================================================
2026-05-14 15:28:42,059 [INFO] RUN: run3_deep_n200_d7_lr0.05
2026-05-14 15:28:42,059 [INFO] ============================================================
2026-05-14 15:28:42,060 [INFO] Auto scale_pos_weight = 5.41 (neg/pos = 1294/239)
2026-05-14 15:28:46,570 [INFO] 
--- Hasil Run: run3_deep_n200_d7_lr0.05 ---
2026-05-14 15:28:46,570 [INFO]   accuracy     : 0.7123
2026-05-14 15:28:46,570 [INFO]   f1_score     : 0.3348
2026-05-14 15:28:46,570 [INFO]   precision    : 0.2624
2026-05-14 15:28:46,570 [INFO]   recall       : 0.4625
2026-05-14 15:28:46,570 [INFO]   roc_auc      : 0.6403
2026-05-14 15:28:46,570 [INFO]   pr_auc       : 0.3789
2026-05-14 15:28:46,570 [INFO]   Top features:
2026-05-14 15:28:46,571 [INFO]     1. count_susulan_24jam       0.1766
2026-05-14 15:28:46,571 [INFO]     2. max_mag_susulan_24jam     0.1688
2026-05-14 15:28:46,571 [INFO]     3. mainshock_depth           0.1379
2026-05-14 15:28:46,571 [INFO]   MLflow Run ID: 2c20e7eca5584afdb4f0350dcc58127a
2026-05-14 15:28:46,573 [INFO] 
==========================================================================================
2026-05-14 15:28:46,573 [INFO] PERBANDINGAN HASIL 3 RUN — sesuai LK-06 #4
2026-05-14 15:28:46,573 [INFO] ==========================================================================================
2026-05-14 15:28:46,577 [INFO] 
>>> Best Run (by F1-score): run1_shallow_n50_d3_lr0.1 (f1=0.3729, run_id=d48ad3f2ae4540ca94c56ba252d70689)
2026-05-14 15:28:46,577 [INFO] 
✓ Selesai. Buka MLflow UI:
2026-05-14 15:28:46,577 [INFO]     mlflow ui --host 0.0.0.0 --port 5000
2026-05-14 17:16:44,472 [INFO] MLflow tracking URI : file:./mlruns
2026-05-14 17:16:44,472 [INFO] MLflow experiment   : gempawas-aftershock-prediction
2026-05-14 17:16:44,824 [INFO] Loaded features: 2044 rows, 14 cols
2026-05-14 17:16:44,837 [INFO] TIME-BASED split: train=1533 (sampai 2025-12-07 04:55:53+00:00), test=511 (mulai 2025-12-09 07:02:53+00:00)
2026-05-14 17:16:44,864 [INFO] Class distribution train: {0: 1294, 1: 239}
2026-05-14 17:16:44,864 [INFO] Class distribution test : {0: 431, 1: 80}
2026-05-14 17:16:44,865 [INFO] 
============================================================
2026-05-14 17:16:44,865 [INFO] RUN: run1_shallow_n50_d3_lr0.1
2026-05-14 17:16:44,865 [INFO] ============================================================
2026-05-14 17:16:44,865 [INFO] Auto scale_pos_weight = 5.41 (neg/pos = 1294/239)
2026-05-14 17:16:54,116 [INFO] 
--- Hasil Run: run1_shallow_n50_d3_lr0.1 ---
2026-05-14 17:16:54,116 [INFO]   accuracy     : 0.7104
2026-05-14 17:16:54,116 [INFO]   f1_score     : 0.3729
2026-05-14 17:16:54,116 [INFO]   precision    : 0.2821
2026-05-14 17:16:54,116 [INFO]   recall       : 0.5500
2026-05-14 17:16:54,116 [INFO]   roc_auc      : 0.6936
2026-05-14 17:16:54,117 [INFO]   pr_auc       : 0.4841
2026-05-14 17:16:54,117 [INFO]   Top features:
2026-05-14 17:16:54,117 [INFO]     1. max_mag_susulan_24jam     0.2622
2026-05-14 17:16:54,117 [INFO]     2. max_mag_susulan_6jam      0.1580
2026-05-14 17:16:54,117 [INFO]     3. count_susulan_24jam       0.1526
2026-05-14 17:16:54,117 [INFO]   MLflow Run ID: 70f61c3a16c4496aafe810f237856db0
2026-05-14 17:16:54,119 [INFO] 
============================================================
2026-05-14 17:16:54,119 [INFO] RUN: run2_medium_n100_d5_lr0.1
2026-05-14 17:16:54,119 [INFO] ============================================================
2026-05-14 17:16:54,120 [INFO] Auto scale_pos_weight = 5.41 (neg/pos = 1294/239)
2026-05-14 17:16:57,901 [INFO] 
--- Hasil Run: run2_medium_n100_d5_lr0.1 ---
2026-05-14 17:16:57,901 [INFO]   accuracy     : 0.6986
2026-05-14 17:16:57,901 [INFO]   f1_score     : 0.3304
2026-05-14 17:16:57,901 [INFO]   precision    : 0.2533
2026-05-14 17:16:57,901 [INFO]   recall       : 0.4750
2026-05-14 17:16:57,902 [INFO]   roc_auc      : 0.6281
2026-05-14 17:16:57,902 [INFO]   pr_auc       : 0.3617
2026-05-14 17:16:57,902 [INFO]   Top features:
2026-05-14 17:16:57,902 [INFO]     1. max_mag_susulan_24jam     0.2106
2026-05-14 17:16:57,902 [INFO]     2. count_susulan_24jam       0.1709
2026-05-14 17:16:57,902 [INFO]     3. zona_sesar                0.1379
2026-05-14 17:16:57,902 [INFO]   MLflow Run ID: 255629f2455b49e58199b5b94c84f62c
2026-05-14 17:16:57,904 [INFO] 
============================================================
2026-05-14 17:16:57,904 [INFO] RUN: run3_deep_n200_d7_lr0.05
2026-05-14 17:16:57,904 [INFO] ============================================================
2026-05-14 17:16:57,904 [INFO] Auto scale_pos_weight = 5.41 (neg/pos = 1294/239)
2026-05-14 17:17:01,778 [INFO] 
--- Hasil Run: run3_deep_n200_d7_lr0.05 ---
2026-05-14 17:17:01,778 [INFO]   accuracy     : 0.7123
2026-05-14 17:17:01,778 [INFO]   f1_score     : 0.3348
2026-05-14 17:17:01,778 [INFO]   precision    : 0.2624
2026-05-14 17:17:01,778 [INFO]   recall       : 0.4625
2026-05-14 17:17:01,778 [INFO]   roc_auc      : 0.6403
2026-05-14 17:17:01,779 [INFO]   pr_auc       : 0.3789
2026-05-14 17:17:01,779 [INFO]   Top features:
2026-05-14 17:17:01,779 [INFO]     1. count_susulan_24jam       0.1766
2026-05-14 17:17:01,779 [INFO]     2. max_mag_susulan_24jam     0.1688
2026-05-14 17:17:01,779 [INFO]     3. mainshock_depth           0.1379
2026-05-14 17:17:01,779 [INFO]   MLflow Run ID: 896f07f2ee5d43deb36a6f6521a287a1
2026-05-14 17:17:01,781 [INFO] 
==========================================================================================
2026-05-14 17:17:01,781 [INFO] PERBANDINGAN HASIL 3 RUN — sesuai LK-06 #4
2026-05-14 17:17:01,781 [INFO] ==========================================================================================
2026-05-14 17:17:01,787 [INFO] 
>>> Best Run (by F1-score): run1_shallow_n50_d3_lr0.1 (f1=0.3729, run_id=70f61c3a16c4496aafe810f237856db0)
2026-05-14 17:17:01,787 [INFO] 
✓ Selesai. Buka MLflow UI:
2026-05-14 17:17:01,788 [INFO]     mlflow ui --host 0.0.0.0 --port 5000
2026-05-14 17:27:43,869 [INFO] MLflow tracking URI : file:./mlruns
2026-05-14 17:27:43,869 [INFO] MLflow experiment   : gempawas-aftershock-prediction
2026-05-14 17:27:43,890 [INFO] Loaded features: 2044 rows, 14 cols
2026-05-14 17:27:43,892 [INFO] TIME-BASED split: train=1533 (sampai 2025-12-07 04:55:53+00:00), test=511 (mulai 2025-12-09 07:02:53+00:00)
2026-05-14 17:27:43,894 [INFO] Class distribution train: {0: 1294, 1: 239}
2026-05-14 17:27:43,895 [INFO] Class distribution test : {0: 431, 1: 80}
2026-05-14 17:27:43,895 [INFO] 
============================================================
2026-05-14 17:27:43,895 [INFO] RUN: run1_shallow_n50_d3_lr0.1
2026-05-14 17:27:43,895 [INFO] ============================================================
2026-05-14 17:27:43,896 [INFO] Auto scale_pos_weight = 5.41 (neg/pos = 1294/239)
2026-05-14 17:27:50,473 [INFO] 
--- Hasil Run: run1_shallow_n50_d3_lr0.1 ---
2026-05-14 17:27:50,473 [INFO]   accuracy     : 0.7104
2026-05-14 17:27:50,473 [INFO]   f1_score     : 0.3729
2026-05-14 17:27:50,474 [INFO]   precision    : 0.2821
2026-05-14 17:27:50,474 [INFO]   recall       : 0.5500
2026-05-14 17:27:50,474 [INFO]   roc_auc      : 0.6936
2026-05-14 17:27:50,474 [INFO]   pr_auc       : 0.4841
2026-05-14 17:27:50,474 [INFO]   Top features:
2026-05-14 17:27:50,474 [INFO]     1. max_mag_susulan_24jam     0.2622
2026-05-14 17:27:50,474 [INFO]     2. max_mag_susulan_6jam      0.1580
2026-05-14 17:27:50,475 [INFO]     3. count_susulan_24jam       0.1526
2026-05-14 17:27:50,475 [INFO]   MLflow Run ID: 223d6a29081444f48fa3a03da9e76130
2026-05-14 17:27:50,476 [INFO] 
============================================================
2026-05-14 17:27:50,476 [INFO] RUN: run2_medium_n100_d5_lr0.1
2026-05-14 17:27:50,477 [INFO] ============================================================
2026-05-14 17:27:50,477 [INFO] Auto scale_pos_weight = 5.41 (neg/pos = 1294/239)
2026-05-14 17:27:54,789 [INFO] 
--- Hasil Run: run2_medium_n100_d5_lr0.1 ---
2026-05-14 17:27:54,790 [INFO]   accuracy     : 0.6986
2026-05-14 17:27:54,790 [INFO]   f1_score     : 0.3304
2026-05-14 17:27:54,790 [INFO]   precision    : 0.2533
2026-05-14 17:27:54,790 [INFO]   recall       : 0.4750
2026-05-14 17:27:54,790 [INFO]   roc_auc      : 0.6281
2026-05-14 17:27:54,790 [INFO]   pr_auc       : 0.3617
2026-05-14 17:27:54,790 [INFO]   Top features:
2026-05-14 17:27:54,790 [INFO]     1. max_mag_susulan_24jam     0.2106
2026-05-14 17:27:54,791 [INFO]     2. count_susulan_24jam       0.1709
2026-05-14 17:27:54,791 [INFO]     3. zona_sesar                0.1379
2026-05-14 17:27:54,791 [INFO]   MLflow Run ID: 62d6dc32fbab4359876ed2e4f7580025
2026-05-14 17:27:54,792 [INFO] 
============================================================
2026-05-14 17:27:54,792 [INFO] RUN: run3_deep_n200_d7_lr0.05
2026-05-14 17:27:54,793 [INFO] ============================================================
2026-05-14 17:27:54,793 [INFO] Auto scale_pos_weight = 5.41 (neg/pos = 1294/239)
2026-05-14 17:27:59,173 [INFO] 
--- Hasil Run: run3_deep_n200_d7_lr0.05 ---
2026-05-14 17:27:59,173 [INFO]   accuracy     : 0.7123
2026-05-14 17:27:59,173 [INFO]   f1_score     : 0.3348
2026-05-14 17:27:59,173 [INFO]   precision    : 0.2624
2026-05-14 17:27:59,173 [INFO]   recall       : 0.4625
2026-05-14 17:27:59,173 [INFO]   roc_auc      : 0.6403
2026-05-14 17:27:59,174 [INFO]   pr_auc       : 0.3789
2026-05-14 17:27:59,174 [INFO]   Top features:
2026-05-14 17:27:59,174 [INFO]     1. count_susulan_24jam       0.1766
2026-05-14 17:27:59,174 [INFO]     2. max_mag_susulan_24jam     0.1688
2026-05-14 17:27:59,174 [INFO]     3. mainshock_depth           0.1379
2026-05-14 17:27:59,174 [INFO]   MLflow Run ID: 110ce745078a47128688559db71c348e
2026-05-14 17:27:59,176 [INFO] 
==========================================================================================
2026-05-14 17:27:59,176 [INFO] PERBANDINGAN HASIL 3 RUN — sesuai LK-06 #4
2026-05-14 17:27:59,176 [INFO] ==========================================================================================
2026-05-14 17:27:59,180 [INFO] 
>>> Best Run (by F1-score): run1_shallow_n50_d3_lr0.1 (f1=0.3729, run_id=223d6a29081444f48fa3a03da9e76130)
2026-05-14 17:27:59,180 [INFO] 
✓ Selesai. Buka MLflow UI:
2026-05-14 17:27:59,180 [INFO]     mlflow ui --host 0.0.0.0 --port 5000
2026-05-14 17:36:27,079 [INFO] MLflow tracking URI : file:./mlruns
2026-05-14 17:36:27,079 [INFO] MLflow experiment   : gempawas-aftershock-prediction
2026-05-14 17:36:27,095 [INFO] Loaded features: 2044 rows, 14 cols
2026-05-14 17:36:27,097 [INFO] TIME-BASED split: train=1533, test=511
2026-05-14 17:36:27,098 [INFO] Class distribution train: {0: 1294, 1: 239}
2026-05-14 17:36:27,099 [INFO] Class distribution test : {0: 431, 1: 80}
2026-05-14 17:36:27,099 [INFO] 
============================================================
2026-05-14 17:36:27,099 [INFO] RUN: run1_shallow_n50_d3_lr0.1
2026-05-14 17:36:27,099 [INFO] ============================================================
2026-05-14 17:36:33,431 [INFO] 
--- Hasil Run: run1_shallow_n50_d3_lr0.1 ---
2026-05-14 17:36:33,431 [INFO]   accuracy : 0.7104
2026-05-14 17:36:33,432 [INFO]   f1_score : 0.3729
2026-05-14 17:36:33,432 [INFO]   roc_auc  : 0.6936
2026-05-14 17:36:33,432 [INFO]   MLflow Run ID: 794dc35fc98e414faed6976862a69efc
2026-05-14 17:36:33,434 [INFO] 
============================================================
2026-05-14 17:36:33,434 [INFO] RUN: run2_medium_n100_d5_lr0.1
2026-05-14 17:36:33,434 [INFO] ============================================================
2026-05-14 17:36:37,542 [INFO] 
--- Hasil Run: run2_medium_n100_d5_lr0.1 ---
2026-05-14 17:36:37,542 [INFO]   accuracy : 0.6986
2026-05-14 17:36:37,542 [INFO]   f1_score : 0.3304
2026-05-14 17:36:37,542 [INFO]   roc_auc  : 0.6281
2026-05-14 17:36:37,542 [INFO]   MLflow Run ID: 24e9cc0eda864e54a0c9ae0a829403eb
2026-05-14 17:36:37,543 [INFO] 
============================================================
2026-05-14 17:36:37,544 [INFO] RUN: run3_deep_n200_d7_lr0.05
2026-05-14 17:36:37,544 [INFO] ============================================================
2026-05-14 17:36:41,787 [INFO] 
--- Hasil Run: run3_deep_n200_d7_lr0.05 ---
2026-05-14 17:36:41,788 [INFO]   accuracy : 0.7123
2026-05-14 17:36:41,788 [INFO]   f1_score : 0.3348
2026-05-14 17:36:41,788 [INFO]   roc_auc  : 0.6403
2026-05-14 17:36:41,788 [INFO]   MLflow Run ID: 17d0f13b4f4a45628efa9a8a72910d38
2026-05-14 17:36:41,789 [INFO] 
================================================================================
2026-05-14 17:36:41,790 [INFO] PERBANDINGAN HASIL 3 RUN — LK-06 #4 & #5
2026-05-14 17:36:41,790 [INFO] ================================================================================
2026-05-14 17:36:41,793 [INFO] 
>>> Best Run (by F1-score): run1_shallow_n50_d3_lr0.1
2026-05-14 17:36:41,793 [INFO]     Run ID: 794dc35fc98e414faed6976862a69efc
2026-05-14 17:36:41,793 [INFO]     accuracy=0.7104  f1_score=0.3729  roc_auc=0.6936
2026-05-14 17:36:41,793 [INFO] 
✓ Selesai. Buka MLflow UI: mlflow ui --host 0.0.0.0 --port 5000
2026-05-15 05:25:41,568 [INFO] Metrik inti     : pr_auc, f1_score, recall
2026-05-15 05:25:41,570 [INFO] Resampling      : SMOTETomek
2026-05-15 05:25:41,570 [INFO] Threshold       : 0.45
2026-05-15 05:25:41,952 [INFO] Loaded features: 2044 rows, 14 cols
2026-05-15 05:25:41,963 [INFO] TIME-BASED split: train=1533, test=511
2026-05-15 05:25:41,967 [INFO] Distribusi train → pos=239 (15.6%), neg=1294 (84.4%)
2026-05-15 05:25:41,967 [INFO] 
=================================================================
2026-05-15 05:25:41,967 [INFO] RUN: run1_smote_light_n100_d3
2026-05-15 05:25:41,967 [INFO] =================================================================
2026-05-15 05:25:41,967 [INFO] Menerapkan SMOTETomek...
2026-05-15 05:25:41,968 [INFO]   Sebelum: pos=239, neg=1294
2026-05-15 05:25:42,048 [INFO]   Sesudah : pos=1213, neg=1213
2026-05-15 05:25:54,826 [INFO] 
--- Hasil Run: run1_smote_light_n100_d3 ---
2026-05-15 05:25:54,826 [INFO]   [1] pr_auc    : 0.4440  ← PRIMARY
2026-05-15 05:25:54,827 [INFO]   [2] f1_score  : 0.3594  ← BALANCE
2026-05-15 05:25:54,827 [INFO]   [3] recall    : 0.4875  ← CRITICAL (safety)
2026-05-15 05:25:54,827 [INFO]   Threshold     : 0.45
2026-05-15 05:25:54,827 [INFO]   MLflow Run ID : f4c243b6af0b4465a5476e19b9aa15fc
2026-05-15 05:25:54,829 [INFO] 
=================================================================
2026-05-15 05:25:54,829 [INFO] RUN: run2_smote_tuned_n200_d4
2026-05-15 05:25:54,829 [INFO] =================================================================
2026-05-15 05:25:54,829 [INFO] Menerapkan SMOTETomek...
2026-05-15 05:25:54,829 [INFO]   Sebelum: pos=239, neg=1294
2026-05-15 05:25:54,852 [INFO]   Sesudah : pos=1213, neg=1213
2026-05-15 05:25:59,521 [INFO] 
--- Hasil Run: run2_smote_tuned_n200_d4 ---
2026-05-15 05:25:59,521 [INFO]   [1] pr_auc    : 0.4809  ← PRIMARY
2026-05-15 05:25:59,521 [INFO]   [2] f1_score  : 0.3981  ← BALANCE
2026-05-15 05:25:59,521 [INFO]   [3] recall    : 0.5125  ← CRITICAL (safety)
2026-05-15 05:25:59,522 [INFO]   Threshold     : 0.45
2026-05-15 05:25:59,522 [INFO]   MLflow Run ID : a00cbb4782194bb297c7b311f512f6b8
2026-05-15 05:25:59,523 [INFO] 
=================================================================
2026-05-15 05:25:59,523 [INFO] RUN: run3_smotetomek_thresh040
2026-05-15 05:25:59,523 [INFO] =================================================================
2026-05-15 05:25:59,524 [INFO] Menerapkan SMOTETomek...
2026-05-15 05:25:59,524 [INFO]   Sebelum: pos=239, neg=1294
2026-05-15 05:25:59,542 [INFO]   Sesudah : pos=1213, neg=1213
2026-05-15 05:26:04,082 [INFO] 
--- Hasil Run: run3_smotetomek_thresh040 ---
2026-05-15 05:26:04,082 [INFO]   [1] pr_auc    : 0.4809  ← PRIMARY
2026-05-15 05:26:04,082 [INFO]   [2] f1_score  : 0.4034  ← BALANCE
2026-05-15 05:26:04,083 [INFO]   [3] recall    : 0.5875  ← CRITICAL (safety)
2026-05-15 05:26:04,083 [INFO]   Threshold     : 0.40
2026-05-15 05:26:04,083 [INFO]   MLflow Run ID : b264e22ead7d4285934543996a7df681
2026-05-15 05:26:04,086 [INFO] 
======================================================================
2026-05-15 05:26:04,086 [INFO] PERBANDINGAN 3 RUN — LK-06 (3 Metrik Inti)
2026-05-15 05:26:04,086 [INFO] ======================================================================
2026-05-15 05:26:04,101 [INFO] 
>>> Best Run (by PR-AUC): run2_smote_tuned_n200_d4
2026-05-15 05:26:04,101 [INFO]     pr_auc=0.4809 | f1=0.3981 | recall=0.5125
2026-05-15 05:26:04,101 [INFO] 
✓ Selesai. Buka MLflow UI: mlflow ui --host 0.0.0.0 --port 5000
2026-05-22 09:46:25,900 [INFO] Metrik inti     : pr_auc, f1_score, recall
2026-05-22 09:46:25,902 [INFO] Resampling      : SMOTETomek
2026-05-22 09:46:25,903 [INFO] Threshold       : 0.45
2026-05-22 09:46:26,202 [INFO] Loaded features: 2044 rows, 14 cols
2026-05-22 09:46:26,209 [INFO] TIME-BASED split: train=1533, test=511
2026-05-22 09:46:26,212 [INFO] Distribusi train → pos=239 (15.6%), neg=1294 (84.4%)
2026-05-22 09:46:26,212 [INFO] 
=================================================================
2026-05-22 09:46:26,212 [INFO] RUN: manual_run
2026-05-22 09:46:26,212 [INFO] =================================================================
2026-05-22 09:46:26,213 [INFO] Menerapkan SMOTETomek...
2026-05-22 09:46:26,213 [INFO]   Sebelum: pos=239, neg=1294
2026-05-22 09:46:26,273 [INFO]   Sesudah : pos=1213, neg=1213
2026-05-22 09:46:37,084 [INFO] 
--- Hasil Run: manual_run ---
2026-05-22 09:46:37,084 [INFO]   [1] pr_auc    : 0.4809  ← PRIMARY
2026-05-22 09:46:37,085 [INFO]   [2] f1_score  : 0.3981  ← BALANCE
2026-05-22 09:46:37,085 [INFO]   [3] recall    : 0.5125  ← CRITICAL (safety)
2026-05-22 09:46:37,085 [INFO]   Threshold     : 0.45
2026-05-22 09:46:37,085 [INFO]   MLflow Run ID : 04370aa6acf2482f8b432235f8a15a4f
2026-05-22 09:46:37,087 [INFO] 
✓ Selesai. Buka MLflow UI: mlflow ui --host 0.0.0.0 --port 5000
2026-05-22 09:48:39,039 [INFO] Metrik inti     : pr_auc, f1_score, recall
2026-05-22 09:48:39,039 [INFO] Resampling      : SMOTETomek
2026-05-22 09:48:39,040 [INFO] Threshold       : 0.45
2026-05-22 09:48:39,057 [INFO] Loaded features: 2044 rows, 14 cols
2026-05-22 09:48:39,059 [INFO] TIME-BASED split: train=1533, test=511
2026-05-22 09:48:39,061 [INFO] Distribusi train → pos=239 (15.6%), neg=1294 (84.4%)
2026-05-22 09:48:39,061 [INFO] 
=================================================================
2026-05-22 09:48:39,061 [INFO] RUN: manual_run
2026-05-22 09:48:39,061 [INFO] =================================================================
2026-05-22 09:48:39,061 [INFO] Menerapkan SMOTETomek...
2026-05-22 09:48:39,061 [INFO]   Sebelum: pos=239, neg=1294
2026-05-22 09:48:39,080 [INFO]   Sesudah : pos=1213, neg=1213
2026-05-22 09:48:45,318 [INFO] 
--- Hasil Run: manual_run ---
2026-05-22 09:48:45,319 [INFO]   [1] pr_auc    : 0.4809  ← PRIMARY
2026-05-22 09:48:45,319 [INFO]   [2] f1_score  : 0.3981  ← BALANCE
2026-05-22 09:48:45,319 [INFO]   [3] recall    : 0.5125  ← CRITICAL (safety)
2026-05-22 09:48:45,319 [INFO]   Threshold     : 0.45
2026-05-22 09:48:45,319 [INFO]   MLflow Run ID : bf17d1eded004ed99ed87d697fde3e8f
2026-05-22 09:48:45,321 [INFO] 
✓ Selesai. Buka MLflow UI: mlflow ui --host 0.0.0.0 --port 5000
2026-05-22 09:52:10,763 [INFO] Metrik inti     : pr_auc, f1_score, recall
2026-05-22 09:52:10,763 [INFO] Resampling      : SMOTETomek
2026-05-22 09:52:10,764 [INFO] Threshold       : 0.45
2026-05-22 09:52:10,784 [INFO] Loaded features: 2044 rows, 14 cols
2026-05-22 09:52:10,785 [INFO] TIME-BASED split: train=1533, test=511
2026-05-22 09:52:10,787 [INFO] Distribusi train → pos=239 (15.6%), neg=1294 (84.4%)
2026-05-22 09:52:10,787 [INFO] 
=================================================================
2026-05-22 09:52:10,787 [INFO] RUN: manual_run
2026-05-22 09:52:10,787 [INFO] =================================================================
2026-05-22 09:52:10,787 [INFO] Menerapkan SMOTETomek...
2026-05-22 09:52:10,788 [INFO]   Sebelum: pos=239, neg=1294
2026-05-22 09:52:10,806 [INFO]   Sesudah : pos=1213, neg=1213
2026-05-22 10:05:21,493 [INFO] Metrik inti     : pr_auc, f1_score, recall
2026-05-22 10:05:21,495 [INFO] Resampling      : SMOTETomek
2026-05-22 10:05:21,495 [INFO] Threshold       : 0.45
2026-05-22 10:05:21,517 [INFO] Loaded features: 2044 rows, 14 cols
2026-05-22 10:05:21,519 [INFO] TIME-BASED split: train=1533, test=511
2026-05-22 10:05:21,521 [INFO] Distribusi train → pos=239 (15.6%), neg=1294 (84.4%)
2026-05-22 10:05:21,522 [INFO] 
=================================================================
2026-05-22 10:05:21,522 [INFO] RUN: manual_run
2026-05-22 10:05:21,522 [INFO] =================================================================
2026-05-22 10:05:21,522 [INFO] Menerapkan SMOTETomek...
2026-05-22 10:05:21,523 [INFO]   Sebelum: pos=239, neg=1294
2026-05-22 10:05:21,547 [INFO]   Sesudah : pos=1213, neg=1213
2026-05-22 10:09:19,897 [INFO] Metrik inti     : pr_auc, f1_score, recall
2026-05-22 10:09:19,897 [INFO] Resampling      : SMOTETomek
2026-05-22 10:09:19,897 [INFO] Threshold       : 0.45
2026-05-22 10:09:19,916 [INFO] Loaded features: 2044 rows, 14 cols
2026-05-22 10:09:19,917 [INFO] TIME-BASED split: train=1533, test=511
2026-05-22 10:09:19,919 [INFO] Distribusi train → pos=239 (15.6%), neg=1294 (84.4%)
2026-05-22 10:09:19,919 [INFO] 
=================================================================
2026-05-22 10:09:19,919 [INFO] RUN: manual_run
2026-05-22 10:09:19,919 [INFO] =================================================================
2026-05-22 10:09:19,919 [INFO] Menerapkan SMOTETomek...
2026-05-22 10:09:19,920 [INFO]   Sebelum: pos=239, neg=1294
2026-05-22 10:09:19,938 [INFO]   Sesudah : pos=1213, neg=1213
2026-05-22 10:16:15,200 [INFO] Metrik inti     : pr_auc, f1_score, recall
2026-05-22 10:16:15,200 [INFO] Resampling      : SMOTETomek
2026-05-22 10:16:15,200 [INFO] Threshold       : 0.45
2026-05-22 10:16:15,219 [INFO] Loaded features: 2044 rows, 14 cols
2026-05-22 10:16:15,220 [INFO] TIME-BASED split: train=1533, test=511
2026-05-22 10:16:15,222 [INFO] Distribusi train → pos=239 (15.6%), neg=1294 (84.4%)
2026-05-22 10:16:15,222 [INFO] 
=================================================================
2026-05-22 10:16:15,222 [INFO] RUN: manual_run
2026-05-22 10:16:15,222 [INFO] =================================================================
2026-05-22 10:16:15,222 [INFO] Menerapkan SMOTETomek...
2026-05-22 10:16:15,222 [INFO]   Sebelum: pos=239, neg=1294
2026-05-22 10:16:15,249 [INFO]   Sesudah : pos=1213, neg=1213
2026-05-22 10:22:00,731 [INFO] Metrik inti     : pr_auc, f1_score, recall
2026-05-22 10:22:00,732 [INFO] Resampling      : SMOTETomek
2026-05-22 10:22:00,733 [INFO] Threshold       : 0.45
2026-05-22 10:22:00,752 [INFO] Loaded features: 2044 rows, 14 cols
2026-05-22 10:22:00,753 [INFO] TIME-BASED split: train=1533, test=511
2026-05-22 10:22:00,755 [INFO] Distribusi train → pos=239 (15.6%), neg=1294 (84.4%)
2026-05-22 10:22:00,755 [INFO] 
=================================================================
2026-05-22 10:22:00,755 [INFO] RUN: manual_run
2026-05-22 10:22:00,755 [INFO] =================================================================
2026-05-22 10:22:00,755 [INFO] Menerapkan SMOTETomek...
2026-05-22 10:22:00,755 [INFO]   Sebelum: pos=239, neg=1294
2026-05-22 10:22:00,778 [INFO]   Sesudah : pos=1213, neg=1213
2026-05-22 10:22:09,682 [INFO] 
--- Hasil Run: manual_run ---
2026-05-22 10:22:09,683 [INFO]   [1] pr_auc    : 0.4809  ← PRIMARY
2026-05-22 10:22:09,683 [INFO]   [2] f1_score  : 0.3981  ← BALANCE
2026-05-22 10:22:09,683 [INFO]   [3] recall    : 0.5125  ← CRITICAL (safety)
2026-05-22 10:22:09,683 [INFO]   Threshold     : 0.45
2026-05-22 10:22:09,683 [INFO]   MLflow Run ID : 99ea916c1e8e4cff85354f9b5ca781ff
2026-05-22 10:22:09,757 [INFO] 
✓ Selesai. Buka MLflow UI: mlflow ui --host 0.0.0.0 --port 5000
2026-05-29 16:10:06,514 [INFO] Metrik inti     : pr_auc, f1_score, recall
2026-05-29 16:10:06,523 [INFO] Resampling      : SMOTETomek
2026-05-29 16:10:06,523 [INFO] Threshold       : 0.45
2026-05-29 16:10:06,862 [INFO] Loaded features: 2044 rows, 14 cols
2026-05-29 16:10:06,892 [INFO] TIME-BASED split: train=1533, test=511
2026-05-29 16:10:06,896 [INFO] Distribusi train → pos=239 (15.6%), neg=1294 (84.4%)
2026-05-29 16:10:06,896 [INFO] 
=================================================================
2026-05-29 16:10:06,896 [INFO] RUN: prediction_gempa
2026-05-29 16:10:06,896 [INFO] =================================================================
2026-05-29 16:10:06,896 [INFO] Menerapkan SMOTETomek...
2026-05-29 16:10:06,897 [INFO]   Sebelum: pos=239, neg=1294
2026-05-29 16:10:06,991 [INFO]   Sesudah : pos=1213, neg=1213
2026-05-29 16:10:30,107 [INFO] 
--- Hasil Run: prediction_gempa ---
2026-05-29 16:10:30,107 [INFO]   [1] pr_auc    : 0.4809  ← PRIMARY
2026-05-29 16:10:30,107 [INFO]   [2] f1_score  : 0.3981  ← BALANCE
2026-05-29 16:10:30,107 [INFO]   [3] recall    : 0.5125  ← CRITICAL (safety)
2026-05-29 16:10:30,107 [INFO]   Threshold     : 0.45
2026-05-29 16:10:30,108 [INFO]   MLflow Run ID : d99d7ea2b70a46bf85687888ad5be641
2026-05-29 16:10:30,108 [INFO]   ✓ Model registered: 'gempawas-aftershock-classifier'
2026-05-29 16:10:30,186 [INFO] 
✓ Selesai. Buka MLflow UI: mlflow ui --host 0.0.0.0 --port 5000
